git status
On branch master
Your branch is up-to-date with 'origin/master'.

Changes not staged for commit:
  (use "git add <file>..." to update what will be committed)
  (use "git checkout -- <file>..." to discard changes in working directory)

	[31mmodified:   .DS_Store[m
	[31mmodified:   .Rhistory[m
	[31mmodified:   .Rproj.user/503B2E7/console06/269A39AD[m
	[31mmodified:   .Rproj.user/503B2E7/console06/INDEX001[m
	[31mmodified:   content/travel-posts/2015-03-02-first-big-trip-my-indian-adventure-part2.md[m

no changes added to commit (use "git add" and/or "git commit -a")
]7;file://Viveks-MacBook-Pro.local/Users/vivekkatial/Documents/personal_page]0;~/Documents/personal_pageViveks-MacBook-Pro:personal_page vivekkatial$ git add -[Kcontent/
_index.md     about/        contact.md    tech-posts/   travel-posts/ 
Viveks-MacBook-Pro:personal_page vivekkatial$ git add content/travel-posts/2015-03-02-first-big-trip-my-indian-advennture-part2.md 
]7;file://Viveks-MacBook-Pro.local/Users/vivekkatial/Documents/personal_page]0;~/Documents/personal_pageViveks-MacBook-Pro:personal_page vivekkatial$ git commit -a[Km "Added stuff to leh blog"
[master 4756aed] Added stuff to leh blog
 1 file changed, 8 insertions(+)
]7;file://Viveks-MacBook-Pro.local/Users/vivekkatial/Documents/personal_page]0;~/Documents/personal_pageViveks-MacBook-Pro:personal_page vivekkatial$ git push
Counting objects: 5, done.
Delta compression using up to 8 threads.
Compressing objects:  20% (1/5)   Compressing objects:  40% (2/5)   Compressing objects:  60% (3/5)   Compressing objects:  80% (4/5)   Compressing objects: 100% (5/5)   Compressing objects: 100% (5/5), done.
Writing objects:  20% (1/5)   Writing objects:  40% (2/5)   Writing objects:  60% (3/5)   Writing objects:  80% (4/5)   Writing objects: 100% (5/5)   Writing objects: 100% (5/5), 1.32 KiB | 1.32 MiB/s, done.
Total 5 (delta 3), reused 0 (delta 0)
remote: Resolving deltas:   0% (0/3)   [Kremote: Resolving deltas:  33% (1/3)   [Kremote: Resolving deltas:  66% (2/3)   [Kremote: Resolving deltas: 100% (3/3)   [Kremote: Resolving deltas: 100% (3/3), completed with 3 local objects.[K
To https://github.com/vivekkatial/personal-page.git
   791cdbd..4756aed  master -> master
]7;file://Viveks-MacBook-Pro.local/Users/vivekkatial/Documents/personal_page]0;~/Documents/personal_pageViveks-MacBook-Pro:personal_page vivekkatial$ git pushcommit -m "Added stuff to leh blog"add content/travel-posts/2015-03-02-first-big-trip-my-indian-advennture-part2.md [A[C[C[C[C[C[C[C[C[C[C[C[C[C[C[C[C[C[C[C[C[C[C[C[C[C[C[C[C[C[C[C[C[C[C[Cstatus[K
[K[A[C[C[C[C[C[C[C[C[C[C[C[C[C[C[C[C[C[C[C[C[C[C[C[C[C[C[C[C[C[C[C[C[C[C[C[C[C[C[C[C[C[C[C[C[C[C[C[C[C[C[C[C[C[C[C[C[2Ppushstatus
On branch master
Your branch is up-to-date with 'origin/master'.

Changes not staged for commit:
  (use "git add <file>..." to update what will be committed)
  (use "git checkout -- <file>..." to discard changes in working directory)

	[31mmodified:   .DS_Store[m
	[31mmodified:   .Rhistory[m
	[31mmodified:   .Rproj.user/503B2E7/console06/269A39AD[m
	[31mmodified:   .Rproj.user/503B2E7/console06/269A39AD.env[m
	[31mmodified:   .Rproj.user/503B2E7/console06/INDEX001[m
	[31mmodified:   content/travel-posts/2015-03-02-first-big-trip-my-indian-adventure-part2.md[m

no changes added to commit (use "git add" and/or "git commit -a")
]7;file://Viveks-MacBook-Pro.local/Users/vivekkatial/Documents/personal_page]0;~/Documents/personal_pageViveks-MacBook-Pro:personal_page vivekkatial$ git status[2Ppushcommit -m "Added stuff to leh blog"add content/travel-posts/2015-03-02-first-big-trip-my-indian-advennture-part2.md 
]7;file://Viveks-MacBook-Pro.local/Users/vivekkatial/Documents/personal_page]0;~/Documents/personal_pageViveks-MacBook-Pro:personal_page vivekkatial$ git add content/travel-posts/2015-03-02-first-big-trip-my-indian-advennture-part2.md [A[C[C[C[C[C[C[C[C[C[C[C[C[C[C[C[C[C[C[C[C[C[C[C[C[C[C[C[C[C[C[C[C[C[C[Cstatus[K
[K[A[C[C[C[C[C[C[C[C[C[C[C[C[C[C[C[C[C[C[C[C[C[C[C[C[C[C[C[C[C[C[C[C[C[C[C[C[C[C[C[C[C[C[C[C[C[C[C[C[C[C[C[C[C[C[C[C[2Ppushcommit -m "Added stuff to leh blog"add content/travel-posts/2015-03-02-first-big-trip-my-indian-advennture-part2.md [A[C[C[C[C[C[C[C[C[C[C[C[C[C[C[C[C[C[C[C[C[C[C[C[C[C[C[C[C[C[C[C[C[C[C[C[30Pcommit -m "Added stuff to leh blog"
[K[A[C[C[C[C[C[C[C[C[C[C[C[C[C[C[C[C[C[C[C[C[C[C[C[C[C[C[C[C[C[C[C[C[C[C[C[C[C[C[C[C[C[C[C[C[C[C[C[C[C[C[C[C[C[C[C[C[C[C[C[C[C[C[C[C[C[C[C[C[C[C[C[C[C[C[C[C[C[C[C[C[C[C[C[C[Cpush[Kcommit -m "Added stuff to leh blog"
[master 1b9b095] Added stuff to leh blog
 1 file changed, 5 insertions(+), 3 deletions(-)
]7;file://Viveks-MacBook-Pro.local/Users/vivekkatial/Documents/personal_page]0;~/Documents/personal_pageViveks-MacBook-Pro:personal_page vivekkatial$ git commit -m "Added stuff to leh blog"add content/travel-posts/2015-03-02-first-big-trip-my-indian-advennture-part2.md [A[C[C[C[C[C[C[C[C[C[C[C[C[C[C[C[C[C[C[C[C[C[C[C[C[C[C[C[C[C[C[C[C[C[C[Cstatus[K
[K[A[C[C[C[C[C[C[C[C[C[C[C[C[C[C[C[C[C[C[C[C[C[C[C[C[C[C[C[C[C[C[C[C[C[C[C[C[C[C[C[C[C[C[C[C[C[C[C[C[C[C[C[C[C[C[C[C[2Ppush
Counting objects: 5, done.
Delta compression using up to 8 threads.
Compressing objects:  20% (1/5)   Compressing objects:  40% (2/5)   Compressing objects:  60% (3/5)   Compressing objects:  80% (4/5)   Compressing objects: 100% (5/5)   Compressing objects: 100% (5/5), done.
Writing objects:  20% (1/5)   Writing objects:  40% (2/5)   Writing objects:  60% (3/5)   Writing objects:  80% (4/5)   Writing objects: 100% (5/5)   Writing objects: 100% (5/5), 815 bytes | 815.00 KiB/s, done.
Total 5 (delta 4), reused 0 (delta 0)
remote: Resolving deltas:   0% (0/4)   [Kremote: Resolving deltas:  25% (1/4)   [Kremote: Resolving deltas:  50% (2/4)   [Kremote: Resolving deltas:  75% (3/4)   [Kremote: Resolving deltas: 100% (4/4)   [Kremote: Resolving deltas: 100% (4/4), completed with 4 local objects.[K
To https://github.com/vivekkatial/personal-page.git
   4756aed..1b9b095  master -> master
]7;file://Viveks-MacBook-Pro.local/Users/vivekkatial/Documents/personal_page]0;~/Documents/personal_pageViveks-MacBook-Pro:personal_page vivekkatial$ Restored session: Thu 13 Sep 2018 02:12:19 IST
[KViveks-MacBook-Pro:personal_page vivekkatial$ mv 2[Kposts[K/2018-1`[K[K[K[K[K[K[K[K/[K[K[K[K[K
.DS_Store             .gitignore            highcharter_data.csv  resources/
.RData                archetypes/           index.Rmd             static/
.Rhistory             config.toml           layouts/              themes/
.Rproj.user/          content/              personal_page.Rproj   
.git/                 data/                 public/               
Viveks-MacBook-Pro:personal_page vivekkatial$ mv 
.DS_Store             .gitignore            highcharter_data.csv  resources/
.RData                archetypes/           index.Rmd             static/
.Rhistory             config.toml           layouts/              themes/
.Rproj.user/          content/              personal_page.Rproj   
.git/                 data/                 public/               
Viveks-MacBook-Pro:personal_page vivekkatial$ mv o[Kcontent/post/2018-12-19-katial-family-mutton-recipe.md c ontent/
_index.md     about/        contact.md    post/         tech-posts/   travel-posts/ 
Viveks-MacBook-Pro:personal_page vivekkatial$ mv content/post/2018-12-19-katial-family-mutton-recipe.md coontent/travel-posts/
2015-03-01-first-big-trip-my-indian-adventure.md
2015-03-02-first-big-trip-my-indian-adventure-part2.md
_index.md
Viveks-MacBook-Pro:personal_page vivekkatial$ mv content/post/2018-12-19-katial-family-mutton-recipe.md coontent/travel-posts/.
]7;file://Viveks-MacBook-Pro.local/Users/vivekkatial/Documents/personal_page]0;~/Documents/personal_pageViveks-MacBook-Pro:personal_page vivekkatial$ rm -rf content/post/*[K[K
]7;file://Viveks-MacBook-Pro.local/Users/vivekkatial/Documents/personal_page]0;~/Documents/personal_pageViveks-MacBook-Pro:personal_page vivekkatial$ rm -rf content/postmv content/post/2018-12-19-katial-family-mutton-recipe.md coontent/travel-posts/.[A[C[C[C[C[C[C[C[C[C[C[C[C[C[C[C[C[C[C[C[C[C[C[C[C[Cgit push[K
[K[A[C[C[C[C[C[C[C[C[C[C[C[C[C[C[C[C[C[C[C[C[C[C[C[C[C[C[C[C[C[C[C[C[C[C[C[C[C[C[C[C[C[C[C[C[C[C[C[C[C[C[C[C[C[Ccommit -m "Added stuff to leh blog"add content/travel-posts/2015-03-02-first-big-trip-my-inndian-adventure-part2.md [A[C[C[C[C[C[C[C[C[C[C[C[C[C[C[C[C[C[C[C[C[C[C[C[C[Cstatus[K
[K[A[C[C[C[C[C[C[C[C[C[C[C[C[C[C[C[C[C[C[C[C[C[C[C[C[C[C[C[C[C[C[C[C[C[C[C[C[C[C[C[C[C[C[C[C[C[C[C[C[C[C[C[C[C[C[C[C[2Ppushcommit -m "Added stuff to leh blog"push[Kstatusadd content/travel-posts/2015-03-02-first-big-trip-my-inndian-adventure-part2.md [A[C[C[C[C[C[C[C[C[C[C[C[C[C[C[C[C[C[C[C[C[C[C[C[C[C[20Pcommit -m "Added stuff to leh blog"
[K[A[C[C[C[C[C[C[C[C[C[C[C[C[C[C[C[C[C[C[C[C[C[C[C[C[C[C[C[C[C[C[C[C[C[C[C[C[C[C[C[C[C[C[C[C[C[C[C[C[C[C[C[C[C[C[C[C[C[C[C[C[C[C[C[C[C[C[C[C[C[C[C[C[C[C[C[C[C[C[C[C[C[C[C[C[Cadd content/travel-posts/2015-03-02-first-big-trip-my-inndian-adventure-part2.md [A[C[C[C[C[C[C[C[C[C[C[C[C[C[C[C[C[C[C[C[C[C[C[C[C[Cstatus[K
[K[A[C[C[C[C[C[C[C[C[C[C[C[C[C[C[C[C[C[C[C[C[C[C[C[C[C[C[C[C[C[C[C[C[C[C[C[C[C[C[C[C[C[C[C[C[C[C[C[C[C[C[C[C[C[C[C[Cadd content/travel-posts/2015-03-02-first-big-trip-my-inndian-adventure-part2.md [A[C[C[C[C[C[C[C[C[C[C[C[C[C[C[C[C[C[C[C[C[C[C[C[C[Cstatus[K
[K[A[C[C[C[C[C[C[C[C[C[C[C[C[C[C[C[C[C[C[C[C[C[C[C[C[C[C[C[C[C[C[C[C[C[C[C[C[C[C[C[C[C[C[C[C[C[C[C[C[C[C[C[C[C[C[C[C
On branch master
Your branch is up-to-date with 'origin/master'.

Changes not staged for commit:
  (use "git add <file>..." to update what will be committed)
  (use "git checkout -- <file>..." to discard changes in working directory)

	[31mmodified:   .DS_Store[m
	[31mmodified:   .Rhistory[m
	[31mmodified:   .Rproj.user/503B2E7/console06/269A39AD[m
	[31mmodified:   .Rproj.user/503B2E7/console06/269A39AD.env[m
	[31mmodified:   .Rproj.user/503B2E7/console06/INDEX001[m
	[31mmodified:   .Rproj.user/503B2E7/sources/prop/INDEX[m
	[31mmodified:   .Rproj.user/shared/notebooks/paths[m
	[31mmodified:   content/travel-posts/2015-03-02-first-big-trip-my-indian-adventure-part2.md[m
	[31mmodified:   public/404.html[m
	[31mmodified:   public/about/index.html[m
	[31mmodified:   public/about/index.xml[m
	[31mmodified:   public/about/page/1/index.html[m
	[31mmodified:   public/categories/index.html[m
	[31mmodified:   public/categories/index.xml[m
	[31mmodified:   public/categories/r/index.html[m
	[31mmodified:   public/categories/r/index.xml[m
	[31mmodified:   public/contact/index.html[m
	[31mmodified:   public/index.html[m
	[31mmodified:   public/index.xml[m
	[31mmodified:   public/sitemap.xml[m
	[31mmodified:   public/tags/index.html[m
	[31mmodified:   public/tags/index.xml[m
	[31mmodified:   public/tags/plot/index.html[m
	[31mmodified:   public/tags/plot/index.xml[m
	[31mmodified:   public/tags/r-markdown/index.html[m
	[31mmodified:   public/tags/r-markdown/index.xml[m
	[31mmodified:   public/tags/regression/index.html[m
	[31mmodified:   public/tags/regression/index.xml[m
	[31mmodified:   public/tags/travel/index.html[m
	[31mmodified:   public/tags/travel/index.xml[m
	[31mmodified:   public/tech-posts/2015-07-23-r-rmarkdown/index.html[m
	[31mmodified:   public/tech-posts/index.html[m
	[31mmodified:   public/tech-posts/index.xml[m
	[31mmodified:   public/tech-posts/page/1/index.html[m
	[31mmodified:   public/travel-posts/first-big-trip-my-indian-adventure-part2/index.html[m
	[31mmodified:   public/travel-posts/first-big-trip-my-indian-adventure/index.html[m
	[31mmodified:   public/travel-posts/index.html[m
	[31mmodified:   public/travel-posts/index.xml[m
	[31mmodified:   public/travel-posts/page/1/index.html[m

Untracked files:
  (use "git add <file>..." to include in what will be committed)

	[31mcontent/travel-posts/2018-12-19-katial-family-mutton-recipe.md[m
	[31mhighcharter_data.csv[m
	[31mpublic/images/travel/addedwater.jpg[m
	[31mpublic/images/travel/anjuchachi.jpg[m
	[31mpublic/images/travel/bhunameat.jpg[m
	[31mpublic/images/travel/brownonions.jpg[m
	[31mpublic/images/travel/choppedonions.jpg[m
	[31mpublic/images/travel/cookedmeat.jpg[m
	[31mpublic/images/travel/readymeat.jpg[m
	[31mpublic/travel-posts/katial-family-mutton-recipe/[m
	[31mstatic/images/travel/addedwater.jpg[m
	[31mstatic/images/travel/anjuchachi.jpg[m
	[31mstatic/images/travel/bhunameat.jpg[m
	[31mstatic/images/travel/brownonions.jpg[m
	[31mstatic/images/travel/choppedonions.jpg[m
	[31mstatic/images/travel/cookedmeat.jpg[m
	[31mstatic/images/travel/readymeat.jpg[m

no changes added to commit (use "git add" and/or "git commit -a")
]7;file://Viveks-MacBook-Pro.local/Users/vivekkatial/Documents/personal_page]0;~/Documents/personal_pageViveks-MacBook-Pro:personal_page vivekkatial$ git add static/*
]7;file://Viveks-MacBook-Pro.local/Users/vivekkatial/Documents/personal_page]0;~/Documents/personal_pageViveks-MacBook-Pro:personal_page vivekkatial$ git stt[Katus
On branch master
Your branch is up-to-date with 'origin/master'.

Changes to be committed:
  (use "git reset HEAD <file>..." to unstage)

	[32mnew file:   static/images/travel/addedwater.jpg[m
	[32mnew file:   static/images/travel/anjuchachi.jpg[m
	[32mnew file:   static/images/travel/bhunameat.jpg[m
	[32mnew file:   static/images/travel/brownonions.jpg[m
	[32mnew file:   static/images/travel/choppedonions.jpg[m
	[32mnew file:   static/images/travel/cookedmeat.jpg[m
	[32mnew file:   static/images/travel/readymeat.jpg[m

Changes not staged for commit:
  (use "git add <file>..." to update what will be committed)
  (use "git checkout -- <file>..." to discard changes in working directory)

	[31mmodified:   .DS_Store[m
	[31mmodified:   .Rhistory[m
	[31mmodified:   .Rproj.user/503B2E7/console06/269A39AD[m
	[31mmodified:   .Rproj.user/503B2E7/console06/269A39AD.env[m
	[31mmodified:   .Rproj.user/503B2E7/console06/INDEX001[m
	[31mmodified:   .Rproj.user/503B2E7/sources/prop/INDEX[m
	[31mmodified:   .Rproj.user/shared/notebooks/paths[m
	[31mmodified:   content/travel-posts/2015-03-02-first-big-trip-my-indian-adventure-part2.md[m
	[31mmodified:   public/404.html[m
	[31mmodified:   public/about/index.html[m
	[31mmodified:   public/about/index.xml[m
	[31mmodified:   public/about/page/1/index.html[m
	[31mmodified:   public/categories/index.html[m
	[31mmodified:   public/categories/index.xml[m
	[31mmodified:   public/categories/r/index.html[m
	[31mmodified:   public/categories/r/index.xml[m
	[31mmodified:   public/contact/index.html[m
	[31mmodified:   public/index.html[m
	[31mmodified:   public/index.xml[m
	[31mmodified:   public/sitemap.xml[m
	[31mmodified:   public/tags/index.html[m
	[31mmodified:   public/tags/index.xml[m
	[31mmodified:   public/tags/plot/index.html[m
	[31mmodified:   public/tags/plot/index.xml[m
	[31mmodified:   public/tags/r-markdown/index.html[m
	[31mmodified:   public/tags/r-markdown/index.xml[m
	[31mmodified:   public/tags/regression/index.html[m
	[31mmodified:   public/tags/regression/index.xml[m
	[31mmodified:   public/tags/travel/index.html[m
	[31mmodified:   public/tags/travel/index.xml[m
	[31mmodified:   public/tech-posts/2015-07-23-r-rmarkdown/index.html[m
	[31mmodified:   public/tech-posts/index.html[m
	[31mmodified:   public/tech-posts/index.xml[m
	[31mmodified:   public/tech-posts/page/1/index.html[m
	[31mmodified:   public/travel-posts/first-big-trip-my-indian-adventure-part2/index.html[m
	[31mmodified:   public/travel-posts/first-big-trip-my-indian-adventure/index.html[m
	[31mmodified:   public/travel-posts/index.html[m
	[31mmodified:   public/travel-posts/index.xml[m
	[31mmodified:   public/travel-posts/page/1/index.html[m

Untracked files:
  (use "git add <file>..." to include in what will be committed)

	[31mcontent/travel-posts/2018-12-19-katial-family-mutton-recipe.md[m
	[31mhighcharter_data.csv[m
	[31mpublic/images/travel/addedwater.jpg[m
	[31mpublic/images/travel/anjuchachi.jpg[m
	[31mpublic/images/travel/bhunameat.jpg[m
	[31mpublic/images/travel/brownonions.jpg[m
	[31mpublic/images/travel/choppedonions.jpg[m
	[31mpublic/images/travel/cookedmeat.jpg[m
	[31mpublic/images/travel/readymeat.jpg[m
	[31mpublic/travel-posts/katial-family-mutton-recipe/[m

]7;file://Viveks-MacBook-Pro.local/Users/vivekkatial/Documents/personal_page]0;~/Documents/personal_pageViveks-MacBook-Pro:personal_page vivekkatial$ git add contt[Kent/travel-posts/2018-12-19-katial-family-muttonn-recipe.md 
]7;file://Viveks-MacBook-Pro.local/Users/vivekkatial/Documents/personal_page]0;~/Documents/personal_pageViveks-MacBook-Pro:personal_page vivekkatial$ git p[Kstatus
On branch master
Your branch is up-to-date with 'origin/master'.

Changes to be committed:
  (use "git reset HEAD <file>..." to unstage)

	[32mnew file:   content/travel-posts/2018-12-19-katial-family-mutton-recipe.md[m
	[32mnew file:   static/images/travel/addedwater.jpg[m
	[32mnew file:   static/images/travel/anjuchachi.jpg[m
	[32mnew file:   static/images/travel/bhunameat.jpg[m
	[32mnew file:   static/images/travel/brownonions.jpg[m
	[32mnew file:   static/images/travel/choppedonions.jpg[m
	[32mnew file:   static/images/travel/cookedmeat.jpg[m
	[32mnew file:   static/images/travel/readymeat.jpg[m

Changes not staged for commit:
  (use "git add <file>..." to update what will be committed)
  (use "git checkout -- <file>..." to discard changes in working directory)

	[31mmodified:   .DS_Store[m
	[31mmodified:   .Rhistory[m
	[31mmodified:   .Rproj.user/503B2E7/console06/269A39AD[m
	[31mmodified:   .Rproj.user/503B2E7/console06/269A39AD.env[m
	[31mmodified:   .Rproj.user/503B2E7/console06/INDEX001[m
	[31mmodified:   .Rproj.user/503B2E7/sources/prop/INDEX[m
	[31mmodified:   .Rproj.user/shared/notebooks/paths[m
	[31mmodified:   content/travel-posts/2015-03-02-first-big-trip-my-indian-adventure-part2.md[m
	[31mmodified:   public/404.html[m
	[31mmodified:   public/about/index.html[m
	[31mmodified:   public/about/index.xml[m
	[31mmodified:   public/about/page/1/index.html[m
	[31mmodified:   public/categories/index.html[m
	[31mmodified:   public/categories/index.xml[m
	[31mmodified:   public/categories/r/index.html[m
	[31mmodified:   public/categories/r/index.xml[m
	[31mmodified:   public/contact/index.html[m
	[31mmodified:   public/index.html[m
	[31mmodified:   public/index.xml[m
	[31mmodified:   public/sitemap.xml[m
	[31mmodified:   public/tags/index.html[m
	[31mmodified:   public/tags/index.xml[m
	[31mmodified:   public/tags/plot/index.html[m
	[31mmodified:   public/tags/plot/index.xml[m
	[31mmodified:   public/tags/r-markdown/index.html[m
	[31mmodified:   public/tags/r-markdown/index.xml[m
	[31mmodified:   public/tags/regression/index.html[m
	[31mmodified:   public/tags/regression/index.xml[m
	[31mmodified:   public/tags/travel/index.html[m
	[31mmodified:   public/tags/travel/index.xml[m
	[31mmodified:   public/tech-posts/2015-07-23-r-rmarkdown/index.html[m
	[31mmodified:   public/tech-posts/index.html[m
	[31mmodified:   public/tech-posts/index.xml[m
	[31mmodified:   public/tech-posts/page/1/index.html[m
	[31mmodified:   public/travel-posts/first-big-trip-my-indian-adventure-part2/index.html[m
	[31mmodified:   public/travel-posts/first-big-trip-my-indian-adventure/index.html[m
	[31mmodified:   public/travel-posts/index.html[m
	[31mmodified:   public/travel-posts/index.xml[m
	[31mmodified:   public/travel-posts/page/1/index.html[m

Untracked files:
  (use "git add <file>..." to include in what will be committed)

	[31mhighcharter_data.csv[m
	[31mpublic/images/travel/addedwater.jpg[m
	[31mpublic/images/travel/anjuchachi.jpg[m
	[31mpublic/images/travel/bhunameat.jpg[m
	[31mpublic/images/travel/brownonions.jpg[m
	[31mpublic/images/travel/choppedonions.jpg[m
	[31mpublic/images/travel/cookedmeat.jpg[m
	[31mpublic/images/travel/readymeat.jpg[m
	[31mpublic/travel-posts/katial-family-mutton-recipe/[m

]7;file://Viveks-MacBook-Pro.local/Users/vivekkatial/Documents/personal_page]0;~/Documents/personal_pageViveks-MacBook-Pro:personal_page vivekkatial$ git push[K[K[Kco[K[K[Kcommit -m "Added reciep[K[Kpe"
[master 2adf81f] Added recipe
 8 files changed, 65 insertions(+)
 create mode 100644 content/travel-posts/2018-12-19-katial-family-mutton-recipe.md
 create mode 100644 static/images/travel/addedwater.jpg
 create mode 100644 static/images/travel/anjuchachi.jpg
 create mode 100644 static/images/travel/bhunameat.jpg
 create mode 100644 static/images/travel/brownonions.jpg
 create mode 100644 static/images/travel/choppedonions.jpg
 create mode 100644 static/images/travel/cookedmeat.jpg
 create mode 100644 static/images/travel/readymeat.jpg
]7;file://Viveks-MacBook-Pro.local/Users/vivekkatial/Documents/personal_page]0;~/Documents/personal_pageViveks-MacBook-Pro:personal_page vivekkatial$ git push
Counting objects: 15, done.
Delta compression using up to 8 threads.
Compressing objects:   6% (1/15)   Compressing objects:  13% (2/15)   Compressing objects:  20% (3/15)   Compressing objects:  26% (4/15)   Compressing objects:  33% (5/15)   Compressing objects:  40% (6/15)   Compressing objects:  46% (7/15)   Compressing objects:  53% (8/15)   Compressing objects:  60% (9/15)   Compressing objects:  66% (10/15)   Compressing objects:  73% (11/15)   Compressing objects:  80% (12/15)   Compressing objects:  86% (13/15)   Compressing objects:  93% (14/15)   Compressing objects: 100% (15/15)   Compressing objects: 100% (15/15), done.
Writing objects:   6% (1/15)   Writing objects:  13% (2/15)   Writing objects:  20% (3/15)   Writing objects:  26% (4/15)   Writing objects:  33% (5/15)   Writing objects:  40% (6/15)   Writing objects:  46% (7/15)   Writing objects:  53% (8/15)   Writing objects:  60% (9/15)   Writing objects:  66% (10/15)   Writing objects:  73% (11/15)   Writing objects:  73% (11/15), 1.07 MiB | 291.00 KiB/s   Writing objects:  80% (12/15), 1.07 MiB | 291.00 KiB/s   Writing objects:  86% (13/15), 1.07 MiB | 291.00 KiB/s   Writing objects:  93% (14/15), 1.07 MiB | 291.00 KiB/s   Writing objects: 100% (15/15), 1.07 MiB | 291.00 KiB/s   Writing objects: 100% (15/15), 2.31 MiB | 559.00 KiB/s, done.
Total 15 (delta 5), reused 0 (delta 0)
remote: Resolving deltas:   0% (0/5)   [Kremote: Resolving deltas:  20% (1/5)   [Kremote: Resolving deltas:  40% (2/5)   [Kremote: Resolving deltas:  60% (3/5)   [Kremote: Resolving deltas:  80% (4/5)   [Kremote: Resolving deltas: 100% (5/5)   [Kremote: Resolving deltas: 100% (5/5), completed with 5 local objects.[K
To https://github.com/vivekkatial/personal-page.git
   1b9b095..2adf81f  master -> master
]7;file://Viveks-MacBook-Pro.local/Users/vivekkatial/Documents/personal_page]0;~/Documents/personal_pageViveks-MacBook-Pro:personal_page vivekkatial$ git pushcommit -m "Added recipe"status[K
On branch master
Your branch is up-to-date with 'origin/master'.

Changes not staged for commit:
  (use "git add <file>..." to update what will be committed)
  (use "git checkout -- <file>..." to discard changes in working directory)

	[31mmodified:   .DS_Store[m
	[31mmodified:   .Rhistory[m
	[31mmodified:   .Rproj.user/503B2E7/console06/269A39AD[m
	[31mmodified:   .Rproj.user/503B2E7/console06/269A39AD.env[m
	[31mmodified:   .Rproj.user/503B2E7/console06/INDEX001[m
	[31mmodified:   .Rproj.user/503B2E7/sources/prop/INDEX[m
	[31mmodified:   .Rproj.user/shared/notebooks/paths[m
	[31mmodified:   content/travel-posts/2015-03-02-first-big-trip-my-indian-adventure-part2.md[m
	[31mmodified:   content/travel-posts/2018-12-19-katial-family-mutton-recipe.md[m
	[31mmodified:   public/404.html[m
	[31mmodified:   public/about/index.html[m
	[31mmodified:   public/about/index.xml[m
	[31mmodified:   public/about/page/1/index.html[m
	[31mmodified:   public/categories/index.html[m
	[31mmodified:   public/categories/index.xml[m
	[31mmodified:   public/categories/r/index.html[m
	[31mmodified:   public/categories/r/index.xml[m
	[31mmodified:   public/contact/index.html[m
	[31mmodified:   public/index.html[m
	[31mmodified:   public/index.xml[m
	[31mmodified:   public/sitemap.xml[m
	[31mmodified:   public/tags/index.html[m
	[31mmodified:   public/tags/index.xml[m
	[31mmodified:   public/tags/plot/index.html[m
	[31mmodified:   public/tags/plot/index.xml[m
	[31mmodified:   public/tags/r-markdown/index.html[m
	[31mmodified:   public/tags/r-markdown/index.xml[m
	[31mmodified:   public/tags/regression/index.html[m
	[31mmodified:   public/tags/regression/index.xml[m
	[31mmodified:   public/tags/travel/index.html[m
	[31mmodified:   public/tags/travel/index.xml[m
	[31mmodified:   public/tech-posts/2015-07-23-r-rmarkdown/index.html[m
	[31mmodified:   public/tech-posts/index.html[m
	[31mmodified:   public/tech-posts/index.xml[m
	[31mmodified:   public/tech-posts/page/1/index.html[m
	[31mmodified:   public/travel-posts/first-big-trip-my-indian-adventure-part2/index.html[m
	[31mmodified:   public/travel-posts/first-big-trip-my-indian-adventure/index.html[m
	[31mmodified:   public/travel-posts/index.html[m
	[31mmodified:   public/travel-posts/index.xml[m
	[31mmodified:   public/travel-posts/page/1/index.html[m

Untracked files:
  (use "git add <file>..." to include in what will be committed)

	[31mhighcharter_data.csv[m
	[31mpublic/images/travel/addedwater.jpg[m
	[31mpublic/images/travel/anjuchachi.jpg[m
	[31mpublic/images/travel/bhunameat.jpg[m
	[31mpublic/images/travel/brownonions.jpg[m
	[31mpublic/images/travel/choppedonions.jpg[m
	[31mpublic/images/travel/cookedmeat.jpg[m
	[31mpublic/images/travel/readymeat.jpg[m
	[31mpublic/travel-posts/katial-family-mutton-recipe/[m

no changes added to commit (use "git add" and/or "git commit -a")
]7;file://Viveks-MacBook-Pro.local/Users/vivekkatial/Documents/personal_page]0;~/Documents/personal_pageViveks-MacBook-Pro:personal_page vivekkatial$ git add p[K[K[K[K[K[K[K[K[Kgit s[Kcommit -a -m "Added recipe again"