[KViveks-MacBook-Pro:personal_page vivekkatial$ git pushcommit -m "Initial Website Commit"add -A[K
]7;file://Viveks-MacBook-Pro.local/Users/vivekkatial/Documents/personal_page]0;~/Documents/personal_pageViveks-MacBook-Pro:personal_page vivekkatial$ git add -A[2Ppushcommit -m "Initial Website Commit"
[master cdfa1c3] Initial Website Commit
 14 files changed, 25 insertions(+), 197 deletions(-)
 rewrite .Rproj.user/503B2E7/console06/269A39AD (100%)
 create mode 100644 public/.DS_Store
 create mode 100644 public/images/.DS_Store
 create mode 100644 public/images/travel/IMG_2279.JPG
 create mode 100644 public/images/travel/india-leh.JPG
 create mode 100644 static/.DS_Store
 create mode 100644 static/images/.DS_Store
 create mode 100644 static/images/travel/india-leh.JPG
]7;file://Viveks-MacBook-Pro.local/Users/vivekkatial/Documents/personal_page]0;~/Documents/personal_pageViveks-MacBook-Pro:personal_page vivekkatial$ git commit -m "Initial Website Commit"add -A[K[2Ppush
Counting objects: 26, done.
Delta compression using up to 8 threads.
Compressing objects:   4% (1/23)   Compressing objects:   8% (2/23)   Compressing objects:  13% (3/23)   Compressing objects:  17% (4/23)   Compressing objects:  21% (5/23)   Compressing objects:  26% (6/23)   Compressing objects:  30% (7/23)   Compressing objects:  34% (8/23)   Compressing objects:  39% (9/23)   Compressing objects:  43% (10/23)   Compressing objects:  47% (11/23)   Compressing objects:  52% (12/23)   Compressing objects:  56% (13/23)   Compressing objects:  60% (14/23)   Compressing objects:  65% (15/23)   Compressing objects:  69% (16/23)   Compressing objects:  73% (17/23)   Compressing objects:  78% (18/23)   Compressing objects:  82% (19/23)   Compressing objects:  86% (20/23)   Compressing objects:  91% (21/23)   Compressing objects:  95% (22/23)   Compressing objects: 100% (23/23)   Compressing objects: 100% (23/23), done.
Writing objects:   3% (1/26)   Writing objects:   7% (2/26)   Writing objects:  11% (3/26)   Writing objects:  15% (4/26)   Writing objects:  19% (5/26)   Writing objects:  23% (6/26)   Writing objects:  26% (7/26)   Writing objects:  30% (8/26)   Writing objects:  34% (9/26)   Writing objects:  38% (10/26)   Writing objects:  42% (11/26)   Writing objects:  46% (12/26)   Writing objects:  50% (13/26)   Writing objects:  53% (14/26)   Writing objects:  61% (16/26)   Writing objects:  65% (17/26)   Writing objects:  69% (18/26)   Writing objects:  69% (18/26), 1.08 MiB | 430.00 KiB/s   Writing objects:  73% (19/26), 1.08 MiB | 430.00 KiB/s   Writing objects:  76% (20/26), 1.08 MiB | 430.00 KiB/s   Writing objects:  80% (21/26), 1.08 MiB | 430.00 KiB/s   Writing objects:  84% (22/26), 1.08 MiB | 430.00 KiB/s   Writing objects:  88% (23/26), 1.08 MiB | 430.00 KiB/s   Writing objects:  92% (24/26), 1.08 MiB | 430.00 KiB/s   Writing objects:  96% (25/26), 1.08 MiB | 430.00 KiB/s   Writing objects: 100% (26/26), 1.08 MiB | 430.00 KiB/s   Writing objects: 100% (26/26), 1.33 MiB | 511.00 KiB/s, done.
Total 26 (delta 11), reused 0 (delta 0)
remote: Resolving deltas:   0% (0/11)   [Kremote: Resolving deltas:   9% (1/11)   [Kremote: Resolving deltas:  18% (2/11)   [Kremote: Resolving deltas:  27% (3/11)   [Kremote: Resolving deltas:  36% (4/11)   [Kremote: Resolving deltas:  45% (5/11)   [Kremote: Resolving deltas:  54% (6/11)   [Kremote: Resolving deltas:  63% (7/11)   [Kremote: Resolving deltas:  72% (8/11)   [Kremote: Resolving deltas:  81% (9/11)   [Kremote: Resolving deltas:  90% (10/11)   [Kremote: Resolving deltas: 100% (11/11)   [Kremote: Resolving deltas: 100% (11/11), completed with 10 local objects.[K
To https://github.com/vivekkatial/personal-page.git
   e9df8e6..cdfa1c3  master -> master
]7;file://Viveks-MacBook-Pro.local/Users/vivekkatial/Documents/personal_page]0;~/Documents/personal_pageViveks-MacBook-Pro:personal_page vivekkatial$ git pushcommit -m "Initial Website Commit"add -A[K
]7;file://Viveks-MacBook-Pro.local/Users/vivekkatial/Documents/personal_page]0;~/Documents/personal_pageViveks-MacBook-Pro:personal_page vivekkatial$ git add -A[2Ppushcommit -m "Initial Website Commit"add -A[Kcommit -m "Initial Website Commit"
[master 91398a8] Initial Website Commit
 50 files changed, 122 insertions(+), 8583 deletions(-)
 delete mode 100644 public/images/Pope-Edouard-de-Beaumont-1844.jpg
 delete mode 100644 public/images/Victor_Hugo-Hunchback.jpg
 delete mode 100644 public/images/esmeralda.jpg
 delete mode 100644 public/images/travel/IMG_2279.JPG
 delete mode 100644 public/post/2015-07-23-r-rmarkdown.Rmd
 delete mode 100644 public/post/2015-07-23-r-rmarkdown/index.html
 delete mode 100644 public/post/2015-07-23-r-rmarkdown_files/figure-html/pie-1.png
 delete mode 100644 public/post/chapter-1/index.html
 delete mode 100644 public/post/chapter-2/index.html
 delete mode 100644 public/post/chapter-3/index.html
 delete mode 100644 public/post/chapter-4/index.html
 delete mode 100644 public/post/chapter-5/index.html
 delete mode 100644 public/post/chapter-6/index.html
 delete mode 100644 public/post/index.html
 delete mode 100644 public/post/index.xml
 delete mode 100644 public/post/page/1/index.html
 delete mode 100644 public/post/page/2/index.html
 delete mode 100644 public/post/page/3/index.html
 delete mode 100644 public/tags/scene/index.html
 delete mode 100644 public/tags/scene/index.xml
 delete mode 100644 public/tech-posts/chapter-1/index.html
 delete mode 100644 public/tech-posts/chapter-2/index.html
 delete mode 100644 public/tech-posts/chapter-3/index.html
 delete mode 100644 public/tech-posts/chapter-4/index.html
 delete mode 100644 public/tech-posts/chapter-5/index.html
 delete mode 100644 public/tech-posts/chapter-6/index.html
 delete mode 100644 public/tech-posts/page/2/index.html
 delete mode 100644 public/tech-posts/page/3/index.html
 delete mode 100644 public/travel-posts/2015-07-23-r-rmarkdown.Rmd
 delete mode 100644 public/travel-posts/2015-07-23-r-rmarkdown/index.html
 delete mode 100644 public/travel-posts/chapter-1/index.html
 delete mode 100644 public/travel-posts/chapter-2/index.html
 delete mode 100644 public/travel-posts/chapter-3/index.html
 delete mode 100644 public/travel-posts/chapter-4/index.html
 delete mode 100644 public/travel-posts/chapter-5/index.html
 delete mode 100644 public/travel-posts/chapter-6/index.html
 delete mode 100644 public/travel-posts/page/2/index.html
 delete mode 100644 public/travel-posts/page/3/index.html
]7;file://Viveks-MacBook-Pro.local/Users/vivekkatial/Documents/personal_page]0;~/Documents/personal_pageViveks-MacBook-Pro:personal_page vivekkatial$ git commit -m "Initial Website Commit"add -A[K[2Ppush
Counting objects: 30, done.
Delta compression using up to 8 threads.
Compressing objects:   3% (1/26)   Compressing objects:   7% (2/26)   Compressing objects:  11% (3/26)   Compressing objects:  15% (4/26)   Compressing objects:  19% (5/26)   Compressing objects:  23% (6/26)   Compressing objects:  26% (7/26)   Compressing objects:  30% (8/26)   Compressing objects:  34% (9/26)   Compressing objects:  38% (10/26)   Compressing objects:  42% (11/26)   Compressing objects:  46% (12/26)   Compressing objects:  50% (13/26)   Compressing objects:  53% (14/26)   Compressing objects:  57% (15/26)   Compressing objects:  61% (16/26)   Compressing objects:  65% (17/26)   Compressing objects:  69% (18/26)   Compressing objects:  73% (19/26)   Compressing objects:  76% (20/26)   Compressing objects:  80% (21/26)   Compressing objects:  84% (22/26)   Compressing objects:  88% (23/26)   Compressing objects:  92% (24/26)   Compressing objects:  96% (25/26)   Compressing objects: 100% (26/26)   Compressing objects: 100% (26/26), done.
Writing objects:   3% (1/30)   Writing objects:   6% (2/30)   Writing objects:  10% (3/30)   Writing objects:  13% (4/30)   Writing objects:  16% (5/30)   Writing objects:  20% (6/30)   Writing objects:  23% (7/30)   Writing objects:  26% (8/30)   Writing objects:  30% (9/30)   Writing objects:  33% (10/30)   Writing objects:  36% (11/30)   Writing objects:  40% (12/30)   Writing objects:  43% (13/30)   Writing objects:  46% (14/30)   Writing objects:  50% (15/30)   Writing objects:  53% (16/30)   Writing objects:  56% (17/30)   Writing objects:  60% (18/30)   Writing objects:  63% (19/30)   Writing objects:  66% (20/30)   Writing objects:  70% (21/30)   Writing objects:  76% (23/30)   Writing objects:  80% (24/30)   Writing objects:  83% (25/30)   Writing objects:  86% (26/30)   Writing objects:  90% (27/30)   Writing objects:  93% (28/30)   Writing objects:  96% (29/30)   Writing objects: 100% (30/30)   Writing objects: 100% (30/30), 7.50 KiB | 1.87 MiB/s, done.
Total 30 (delta 15), reused 0 (delta 0)
remote: Resolving deltas:   0% (0/15)   [Kremote: Resolving deltas:   6% (1/15)   [Kremote: Resolving deltas:  13% (2/15)   [Kremote: Resolving deltas:  20% (3/15)   [Kremote: Resolving deltas:  26% (4/15)   [Kremote: Resolving deltas:  33% (5/15)   [Kremote: Resolving deltas:  40% (6/15)   [Kremote: Resolving deltas:  46% (7/15)   [Kremote: Resolving deltas:  53% (8/15)   [Kremote: Resolving deltas:  66% (10/15)   [Kremote: Resolving deltas:  80% (12/15)   [Kremote: Resolving deltas:  86% (13/15)   [Kremote: Resolving deltas:  93% (14/15)   [Kremote: Resolving deltas: 100% (15/15)   [Kremote: Resolving deltas: 100% (15/15), completed with 13 local objects.[K
To https://github.com/vivekkatial/personal-page.git
   cdfa1c3..91398a8  master -> master
]7;file://Viveks-MacBook-Pro.local/Users/vivekkatial/Documents/personal_page]0;~/Documents/personal_pageViveks-MacBook-Pro:personal_page vivekkatial$ git pushcommit -m "Initial Website Commit"add -A[K
]7;file://Viveks-MacBook-Pro.local/Users/vivekkatial/Documents/personal_page]0;~/Documents/personal_pageViveks-MacBook-Pro:personal_page vivekkatial$ git add -A[2Ppushcommit -m "Initial Website Commit"
[master c42fe11] Initial Website Commit
 6 files changed, 59 insertions(+), 4 deletions(-)
 create mode 100644 public/images/tech/R.png
 create mode 100644 static/images/tech/R.png
]7;file://Viveks-MacBook-Pro.local/Users/vivekkatial/Documents/personal_page]0;~/Documents/personal_pageViveks-MacBook-Pro:personal_page vivekkatial$ git commit -m "Initial Website Commit"add -A[K[2Ppushcommit -m "Initial Website Commit"push[K
Counting objects: 18, done.
Delta compression using up to 8 threads.
Compressing objects:   5% (1/17)   Compressing objects:  11% (2/17)   Compressing objects:  17% (3/17)   Compressing objects:  23% (4/17)   Compressing objects:  29% (5/17)   Compressing objects:  35% (6/17)   Compressing objects:  41% (7/17)   Compressing objects:  47% (8/17)   Compressing objects:  52% (9/17)   Compressing objects:  58% (10/17)   Compressing objects:  64% (11/17)   Compressing objects:  70% (12/17)   Compressing objects:  76% (13/17)   Compressing objects:  82% (14/17)   Compressing objects:  88% (15/17)   Compressing objects:  94% (16/17)   Compressing objects: 100% (17/17)   Compressing objects: 100% (17/17), done.
Writing objects:   5% (1/18)   Writing objects:  11% (2/18)   Writing objects:  16% (3/18)   Writing objects:  22% (4/18)   Writing objects:  27% (5/18)   Writing objects:  33% (6/18)   Writing objects:  38% (7/18)   Writing objects:  44% (8/18)   Writing objects:  50% (9/18)   Writing objects:  55% (10/18)   Writing objects:  61% (11/18)   Writing objects:  66% (12/18)   Writing objects:  72% (13/18)   Writing objects:  77% (14/18)   Writing objects:  83% (15/18)   Writing objects:  88% (16/18)   Writing objects:  94% (17/18)   Writing objects: 100% (18/18)   Writing objects: 100% (18/18), 157.50 KiB | 2.54 MiB/s, done.
Total 18 (delta 9), reused 0 (delta 0)
remote: Resolving deltas:   0% (0/9)   [Kremote: Resolving deltas:  11% (1/9)   [Kremote: Resolving deltas:  22% (2/9)   [Kremote: Resolving deltas:  33% (3/9)   [Kremote: Resolving deltas:  44% (4/9)   [Kremote: Resolving deltas:  55% (5/9)   [Kremote: Resolving deltas:  66% (6/9)   [Kremote: Resolving deltas:  77% (7/9)   [Kremote: Resolving deltas:  88% (8/9)   [Kremote: Resolving deltas: 100% (9/9)   [Kremote: Resolving deltas: 100% (9/9), completed with 9 local objects.[K
To https://github.com/vivekkatial/personal-page.git
   91398a8..c42fe11  master -> master
]7;file://Viveks-MacBook-Pro.local/Users/vivekkatial/Documents/personal_page]0;~/Documents/personal_pageViveks-MacBook-Pro:personal_page vivekkatial$ git pushcommit -m "Initial Website Commit"add -A[K